Release 14.7 - xst P.20131013 (nt64)
Copyright (c) 1995-2013 Xilinx, Inc.  All rights reserved.
--> Parameter TMPDIR set to xst/projnav.tmp


Total REAL time to Xst completion: 0.00 secs
Total CPU time to Xst completion: 0.09 secs
 
--> Parameter xsthdpdir set to xst


Total REAL time to Xst completion: 0.00 secs
Total CPU time to Xst completion: 0.09 secs
 
--> Reading design: main.prj

TABLE OF CONTENTS
  1) Synthesis Options Summary
  2) HDL Compilation
  3) Design Hierarchy Analysis
  4) HDL Analysis
  5) HDL Synthesis
     5.1) HDL Synthesis Report
  6) Advanced HDL Synthesis
     6.1) Advanced HDL Synthesis Report
  7) Low Level Synthesis
  8) Partition Report
  9) Final Report
	9.1) Device utilization summary
	9.2) Partition Resource Summary
	9.3) TIMING REPORT


=========================================================================
*                      Synthesis Options Summary                        *
=========================================================================
---- Source Parameters
Input File Name                    : "main.prj"
Input Format                       : mixed
Ignore Synthesis Constraint File   : NO

---- Target Parameters
Output File Name                   : "main"
Output Format                      : NGC
Target Device                      : xc3s100e-5-cp132

---- Source Options
Top Module Name                    : main
Automatic FSM Extraction           : YES
FSM Encoding Algorithm             : Auto
Safe Implementation                : No
FSM Style                          : LUT
RAM Extraction                     : Yes
RAM Style                          : Auto
ROM Extraction                     : Yes
Mux Style                          : Auto
Decoder Extraction                 : YES
Priority Encoder Extraction        : Yes
Shift Register Extraction          : YES
Logical Shifter Extraction         : YES
XOR Collapsing                     : YES
ROM Style                          : Auto
Mux Extraction                     : Yes
Resource Sharing                   : YES
Asynchronous To Synchronous        : NO
Multiplier Style                   : Auto
Automatic Register Balancing       : No

---- Target Options
Add IO Buffers                     : YES
Global Maximum Fanout              : 100000
Add Generic Clock Buffer(BUFG)     : 24
Register Duplication               : YES
Slice Packing                      : YES
Optimize Instantiated Primitives   : NO
Use Clock Enable                   : Yes
Use Synchronous Set                : Yes
Use Synchronous Reset              : Yes
Pack IO Registers into IOBs        : Auto
Equivalent register Removal        : YES

---- General Options
Optimization Goal                  : Speed
Optimization Effort                : 1
Keep Hierarchy                     : No
Netlist Hierarchy                  : As_Optimized
RTL Output                         : Yes
Global Optimization                : AllClockNets
Read Cores                         : YES
Write Timing Constraints           : NO
Cross Clock Analysis               : NO
Hierarchy Separator                : /
Bus Delimiter                      : <>
Case Specifier                     : Maintain
Slice Utilization Ratio            : 100
BRAM Utilization Ratio             : 100
Verilog 2001                       : YES
Auto BRAM Packing                  : NO
Slice Utilization Ratio Delta      : 5

=========================================================================


=========================================================================
*                          HDL Compilation                              *
=========================================================================
Compiling verilog file "StartCastle.v" in library work
Compiling verilog file "HallwayTop.v" in library work
Module <StartCastle> compiled
Compiling verilog file "clock_shift.v" in library work
Module <HallwayTop> compiled
Compiling verilog file "clock_divider.v" in library work
Module <clock_shift> compiled
Compiling verilog file "vga_driver.v" in library work
Module <clock_divider> compiled
Compiling verilog file "map.v" in library work
Module <vga_driver> compiled
Compiling verilog file "main.v" in library work
Module <map_generator> compiled
Module <main> compiled
No errors in compilation
Analysis of file <"main.prj"> succeeded.
 

=========================================================================
*                     Design Hierarchy Analysis                         *
=========================================================================
Analyzing hierarchy for module <main> in library <work>.

Analyzing hierarchy for module <vga_driver> in library <work> with parameters.
	HBackPorch = "00000000000000000000000000110000"
	HDisplayArea = "00000000000000000000001010000000"
	HFrontPorch = "00000000000000000000000000010000"
	HLimit = "00000000000000000000001100100000"
	HSyncWidth = "00000000000000000000000001100000"
	VBackPorch = "00000000000000000000000000100001"
	VDisplayArea = "00000000000000000000000111100000"
	VFrontPorch = "00000000000000000000000000001010"
	VLimit = "00000000000000000000001000001101"
	VSyncWidth = "00000000000000000000000000000010"

Analyzing hierarchy for module <map_generator> in library <work>.

Analyzing hierarchy for module <clock_divider> in library <work>.

Analyzing hierarchy for module <clock_shift> in library <work>.

Analyzing hierarchy for module <StartCastle> in library <work>.

Analyzing hierarchy for module <HallwayTop> in library <work>.


=========================================================================
*                            HDL Analysis                               *
=========================================================================
Analyzing top module <main>.
Module <main> is correct for synthesis.
 
Analyzing module <vga_driver> in library <work>.
	HBackPorch = 32'sb00000000000000000000000000110000
	HDisplayArea = 32'sb00000000000000000000001010000000
	HFrontPorch = 32'sb00000000000000000000000000010000
	HLimit = 32'sb00000000000000000000001100100000
	HSyncWidth = 32'sb00000000000000000000000001100000
	VBackPorch = 32'sb00000000000000000000000000100001
	VDisplayArea = 32'sb00000000000000000000000111100000
	VFrontPorch = 32'sb00000000000000000000000000001010
	VLimit = 32'sb00000000000000000000001000001101
	VSyncWidth = 32'sb00000000000000000000000000000010
Module <vga_driver> is correct for synthesis.
 
Analyzing module <clock_divider> in library <work>.
Module <clock_divider> is correct for synthesis.
 
Analyzing module <clock_shift> in library <work>.
Module <clock_shift> is correct for synthesis.
 
Analyzing module <map_generator> in library <work>.
Module <map_generator> is correct for synthesis.
 
Analyzing module <StartCastle> in library <work>.
Module <StartCastle> is correct for synthesis.
 
Analyzing module <HallwayTop> in library <work>.
Module <HallwayTop> is correct for synthesis.
 

=========================================================================
*                           HDL Synthesis                               *
=========================================================================

Performing bidirectional port resolution...

Synthesizing Unit <clock_divider>.
    Related source file is "clock_divider.v".
    Found 1-bit register for signal <clk_out>.
    Summary:
	inferred   1 D-type flip-flop(s).
Unit <clock_divider> synthesized.


Synthesizing Unit <clock_shift>.
    Related source file is "clock_shift.v".
Unit <clock_shift> synthesized.


Synthesizing Unit <StartCastle>.
    Related source file is "StartCastle.v".
    Found 8-bit register for signal <mColor>.
    Found 9-bit comparator greatequal for signal <mColor$cmp_ge0000> created at line 43.
    Found 10-bit comparator greatequal for signal <mColor$cmp_ge0001> created at line 43.
    Found 9-bit comparator less for signal <mColor$cmp_lt0000> created at line 34.
    Found 10-bit comparator less for signal <mColor$cmp_lt0001> created at line 37.
    Found 10-bit comparator less for signal <mColor$cmp_lt0002> created at line 40.
    Found 10-bit comparator less for signal <mColor$cmp_lt0003> created at line 43.
    Summary:
	inferred   8 D-type flip-flop(s).
	inferred   6 Comparator(s).
Unit <StartCastle> synthesized.


Synthesizing Unit <HallwayTop>.
    Related source file is "HallwayTop.v".
    Found 8-bit register for signal <mColor>.
    Found 10-bit comparator greatequal for signal <mColor$cmp_ge0000> created at line 40.
    Found 9-bit comparator less for signal <mColor$cmp_lt0000> created at line 34.
    Found 10-bit comparator less for signal <mColor$cmp_lt0001> created at line 37.
    Found 9-bit comparator less for signal <mColor$cmp_lt0002> created at line 40.
    Found 10-bit comparator less for signal <mColor$cmp_lt0003> created at line 40.
    Summary:
	inferred   8 D-type flip-flop(s).
	inferred   5 Comparator(s).
Unit <HallwayTop> synthesized.


Synthesizing Unit <vga_driver>.
    Related source file is "vga_driver.v".
    Found 1-bit register for signal <Blank>.
    Found 10-bit up counter for signal <CurHPos>.
    Found 10-bit comparator greatequal for signal <CurHPos$cmp_ge0000> created at line 75.
    Found 10-bit register for signal <CurrentX>.
    Found 10-bit subtractor for signal <CurrentX$addsub0000> created at line 136.
    Found 10-bit subtractor for signal <CurrentX$sub0000> created at line 136.
    Found 9-bit register for signal <CurrentY>.
    Found 9-bit subtractor for signal <CurrentY$addsub0000> created at line 144.
    Found 9-bit subtractor for signal <CurrentY$sub0000> created at line 144.
    Found 10-bit up counter for signal <CurVPos>.
    Found 10-bit comparator greatequal for signal <CurVPos$cmp_ge0000> created at line 81.
    Found 10-bit comparator less for signal <CurVPos$cmp_lt0000> created at line 75.
    Found 1-bit register for signal <HBlank_reg>.
    Found 10-bit comparator greatequal for signal <HBlank_reg$cmp_ge0000> created at line 110.
    Found 10-bit comparator less for signal <HBlank_reg$cmp_lt0000> created at line 110.
    Found 1-bit register for signal <HS>.
    Found 10-bit comparator less for signal <HS$cmp_lt0000> created at line 96.
    Found 1-bit register for signal <VBlank_reg>.
    Found 10-bit comparator greatequal for signal <VBlank_reg$cmp_ge0000> created at line 117.
    Found 10-bit comparator less for signal <VBlank_reg$cmp_lt0000> created at line 117.
    Found 1-bit register for signal <VS>.
    Found 10-bit comparator less for signal <VS$cmp_lt0000> created at line 103.
    Summary:
	inferred   2 Counter(s).
	inferred  24 D-type flip-flop(s).
	inferred   4 Adder/Subtractor(s).
	inferred   9 Comparator(s).
Unit <vga_driver> synthesized.


Synthesizing Unit <map_generator>.
    Related source file is "map.v".
WARNING:Xst:647 - Input <reset> is never used. This port will be preserved and left unconnected if it belongs to a top-level block or it belongs to a sub-block and the hierarchy of this sub-block is preserved.
    Found 8-bit register for signal <mColor>.
    Summary:
	inferred   8 D-type flip-flop(s).
Unit <map_generator> synthesized.


Synthesizing Unit <main>.
    Related source file is "main.v".
WARNING:Xst:647 - Input <SWITCH<2:0>> is never used. This port will be preserved and left unconnected if it belongs to a top-level block or it belongs to a sub-block and the hierarchy of this sub-block is preserved.
    Found 11-bit subtractor for signal <$sub0000> created at line 172.
    Found 12-bit subtractor for signal <$sub0001> created at line 172.
    Found 9-bit adder carry out for signal <add0000$addsub0000> created at line 172.
    Found 10-bit adder carry out for signal <add0001$addsub0000> created at line 172.
    Found 1-bit register for signal <collision>.
    Found 8-bit comparator equal for signal <collision$cmp_eq0000> created at line 175.
    Found 10-bit comparator greatequal for signal <collision$cmp_ge0000> created at line 172.
    Found 11-bit comparator greatequal for signal <collision$cmp_ge0001> created at line 172.
    Found 8-bit register for signal <color>.
    Found 10-bit comparator less for signal <color$cmp_lt0000> created at line 172.
    Found 11-bit comparator less for signal <color$cmp_lt0001> created at line 172.
    Found 11-bit comparator less for signal <color$cmp_lt0002> created at line 172.
    Found 12-bit comparator less for signal <color$cmp_lt0003> created at line 172.
    Found 16-bit up counter for signal <counter>.
    Found 3-bit updown counter for signal <mapX>.
    Found 3-bit updown counter for signal <mapY>.
    Found 8-bit register for signal <playerColor>.
    Found 10-bit register for signal <playerPosX>.
    Found 10-bit comparator greatequal for signal <playerPosX$cmp_ge0000> created at line 98.
    Found 9-bit comparator greatequal for signal <playerPosX$cmp_ge0001> created at line 137.
    Found 9-bit comparator greater for signal <playerPosX$cmp_gt0000> created at line 114.
    Found 10-bit comparator greater for signal <playerPosX$cmp_gt0001> created at line 145.
    Found 10-bit comparator lessequal for signal <playerPosX$cmp_le0000> created at line 122.
    Found 9-bit comparator lessequal for signal <playerPosX$cmp_le0001> created at line 141.
    Found 9-bit comparator less for signal <playerPosX$cmp_lt0000> created at line 137.
    Found 10-bit comparator less for signal <playerPosX$cmp_lt0001> created at line 133.
    Found 10-bit addsub for signal <playerPosX$share0000>.
    Found 9-bit register for signal <playerPosY>.
    Found 9-bit addsub for signal <playerPosY$share0000>.
    Found 1-bit register for signal <turn>.
    Found 16-bit comparator less for signal <turn$cmp_lt0000> created at line 81.
    Summary:
	inferred   3 Counter(s).
	inferred  37 D-type flip-flop(s).
	inferred   6 Adder/Subtractor(s).
	inferred  16 Comparator(s).
Unit <main> synthesized.

INFO:Xst:1767 - HDL ADVISOR - Resource sharing has identified that some arithmetic operations in this design can share the same physical resources for reduced device utilization. For improved clock frequency you may try to disable resource sharing.

=========================================================================
HDL Synthesis Report

Macro Statistics
# Adders/Subtractors                                   : 10
 10-bit adder carry out                                : 1
 10-bit addsub                                         : 1
 10-bit subtractor                                     : 2
 11-bit subtractor                                     : 1
 12-bit subtractor                                     : 1
 9-bit adder carry out                                 : 1
 9-bit addsub                                          : 1
 9-bit subtractor                                      : 2
# Counters                                             : 5
 10-bit up counter                                     : 2
 16-bit up counter                                     : 1
 3-bit updown counter                                  : 2
# Registers                                            : 17
 1-bit register                                        : 8
 10-bit register                                       : 2
 8-bit register                                        : 5
 9-bit register                                        : 2
# Comparators                                          : 36
 10-bit comparator greatequal                          : 8
 10-bit comparator greater                             : 1
 10-bit comparator less                                : 12
 10-bit comparator lessequal                           : 1
 11-bit comparator greatequal                          : 1
 11-bit comparator less                                : 2
 12-bit comparator less                                : 1
 16-bit comparator less                                : 1
 8-bit comparator equal                                : 1
 9-bit comparator greatequal                           : 2
 9-bit comparator greater                              : 1
 9-bit comparator less                                 : 4
 9-bit comparator lessequal                            : 1

=========================================================================

=========================================================================
*                       Advanced HDL Synthesis                          *
=========================================================================


=========================================================================
Advanced HDL Synthesis Report

Macro Statistics
# Adders/Subtractors                                   : 10
 10-bit adder carry out                                : 1
 10-bit addsub                                         : 1
 10-bit subtractor                                     : 2
 11-bit subtractor                                     : 1
 12-bit subtractor                                     : 1
 9-bit adder carry out                                 : 1
 9-bit addsub                                          : 1
 9-bit subtractor                                      : 2
# Counters                                             : 5
 10-bit up counter                                     : 2
 16-bit up counter                                     : 1
 3-bit updown counter                                  : 2
# Registers                                            : 86
 Flip-Flops                                            : 86
# Comparators                                          : 36
 10-bit comparator greatequal                          : 8
 10-bit comparator greater                             : 1
 10-bit comparator less                                : 12
 10-bit comparator lessequal                           : 1
 11-bit comparator greatequal                          : 1
 11-bit comparator less                                : 2
 12-bit comparator less                                : 1
 16-bit comparator less                                : 1
 8-bit comparator equal                                : 1
 9-bit comparator greatequal                           : 2
 9-bit comparator greater                              : 1
 9-bit comparator less                                 : 4
 9-bit comparator lessequal                            : 1

=========================================================================

=========================================================================
*                         Low Level Synthesis                           *
=========================================================================

Optimizing unit <main> ...

Optimizing unit <vga_driver> ...

Optimizing unit <map_generator> ...

Mapping all equations...
Building and optimizing final netlist ...
INFO:Xst:2261 - The FF/Latch <playerColor_2> in Unit <main> is equivalent to the following 5 FFs/Latches, which will be removed : <playerColor_3> <playerColor_4> <playerColor_5> <playerColor_6> <playerColor_7> 
INFO:Xst:2261 - The FF/Latch <playerColor_0> in Unit <main> is equivalent to the following FF/Latch, which will be removed : <playerColor_1> 
INFO:Xst:2261 - The FF/Latch <map/StartCastle/mColor_2> in Unit <main> is equivalent to the following 3 FFs/Latches, which will be removed : <map/StartCastle/mColor_4> <map/StartCastle/mColor_5> <map/StartCastle/mColor_7> 
INFO:Xst:2261 - The FF/Latch <map/HallwayTopLeft/mColor_2> in Unit <main> is equivalent to the following 5 FFs/Latches, which will be removed : <map/HallwayTopLeft/mColor_3> <map/HallwayTopLeft/mColor_4> <map/HallwayTopLeft/mColor_5> <map/HallwayTopLeft/mColor_6> <map/HallwayTopLeft/mColor_7> 
INFO:Xst:2261 - The FF/Latch <map/mColor_7> in Unit <main> is equivalent to the following 3 FFs/Latches, which will be removed : <map/mColor_5> <map/mColor_4> <map/mColor_2> 
INFO:Xst:2261 - The FF/Latch <map/StartCastle/mColor_3> in Unit <main> is equivalent to the following FF/Latch, which will be removed : <map/StartCastle/mColor_6> 
INFO:Xst:2261 - The FF/Latch <map/mColor_6> in Unit <main> is equivalent to the following FF/Latch, which will be removed : <map/mColor_3> 
INFO:Xst:2261 - The FF/Latch <color_2> in Unit <main> is equivalent to the following 3 FFs/Latches, which will be removed : <color_4> <color_5> <color_7> 
INFO:Xst:2261 - The FF/Latch <color_3> in Unit <main> is equivalent to the following FF/Latch, which will be removed : <color_6> 
Found area constraint ratio of 100 (+ 5) on block main, actual ratio is 17.

Final Macro Processing ...

=========================================================================
Final Register Report

Macro Statistics
# Registers                                            : 105
 Flip-Flops                                            : 105

=========================================================================

=========================================================================
*                           Partition Report                            *
=========================================================================

Partition Implementation Status
-------------------------------

  No Partitions were found in this design.

-------------------------------

=========================================================================
*                            Final Report                               *
=========================================================================
Final Results
RTL Top Level Output File Name     : main.ngr
Top Level Output File Name         : main
Output Format                      : NGC
Optimization Goal                  : Speed
Keep Hierarchy                     : No

Design Statistics
# IOs                              : 19

Cell Usage :
# BELS                             : 518
#      GND                         : 1
#      INV                         : 31
#      LUT1                        : 52
#      LUT2                        : 54
#      LUT2_D                      : 1
#      LUT2_L                      : 3
#      LUT3                        : 36
#      LUT3_D                      : 3
#      LUT3_L                      : 3
#      LUT4                        : 83
#      LUT4_D                      : 6
#      LUT4_L                      : 8
#      MUXCY                       : 136
#      MUXF5                       : 3
#      VCC                         : 1
#      XORCY                       : 97
# FlipFlops/Latches                : 105
#      FD                          : 4
#      FDE                         : 1
#      FDE_1                       : 1
#      FDR                         : 58
#      FDRE                        : 29
#      FDS                         : 4
#      FDSE                        : 8
# Clock Buffers                    : 3
#      BUFG                        : 2
#      BUFGP                       : 1
# IO Buffers                       : 15
#      IBUF                        : 5
#      OBUF                        : 10
=========================================================================

Device utilization summary:
---------------------------

Selected Device : 3s100ecp132-5 

 Number of Slices:                      151  out of    960    15%  
 Number of Slice Flip Flops:            105  out of   1920     5%  
 Number of 4 input LUTs:                280  out of   1920    14%  
 Number of IOs:                          19
 Number of bonded IOBs:                  16  out of     83    19%  
 Number of GCLKs:                         3  out of     24    12%  

---------------------------
Partition Resource Summary:
---------------------------

  No Partitions were found in this design.

---------------------------


=========================================================================
TIMING REPORT

NOTE: THESE TIMING NUMBERS ARE ONLY A SYNTHESIS ESTIMATE.
      FOR ACCURATE TIMING INFORMATION PLEASE REFER TO THE TRACE REPORT
      GENERATED AFTER PLACE-and-ROUTE.

Clock Information:
------------------
-----------------------------------+------------------------+-------+
Clock Signal                       | Clock buffer(FF name)  | Load  |
-----------------------------------+------------------------+-------+
vga/clk_div/clk_out1               | BUFG                   | 77    |
turn1                              | BUFG                   | 27    |
clk_50MHz                          | BUFGP                  | 1     |
-----------------------------------+------------------------+-------+

Asynchronous Control Signals Information:
----------------------------------------
No asynchronous control signals found in this design

Timing Summary:
---------------
Speed Grade: -5

   Minimum period: 11.051ns (Maximum Frequency: 90.490MHz)
   Minimum input arrival time before clock: 5.422ns
   Maximum output required time after clock: 5.445ns
   Maximum combinational path delay: No path found

Timing Detail:
--------------
All values displayed in nanoseconds (ns)

=========================================================================
Timing constraint: Default period analysis for Clock 'vga/clk_div/clk_out1'
  Clock period: 11.051ns (frequency: 90.490MHz)
  Total number of paths / destination ports: 1795 / 152
-------------------------------------------------------------------------
Delay:               5.526ns (Levels of Logic = 13)
  Source:            vga/CurrentY_0 (FF)
  Destination:       collision (FF)
  Source Clock:      vga/clk_div/clk_out1 rising
  Destination Clock: vga/clk_div/clk_out1 falling

  Data Path: vga/CurrentY_0 to collision
                                Gate     Net
    Cell:in->out      fanout   Delay   Delay  Logical Name (Net Name)
    ----------------------------------------  ------------
     FDR:C->Q              2   0.514   0.449  vga/CurrentY_0 (vga/CurrentY_0)
     LUT2:I1->O            1   0.612   0.000  Mcompar_color_cmp_lt0000_lut<0> (Mcompar_color_cmp_lt0000_lut<0>)
     MUXCY:S->O            1   0.404   0.000  Mcompar_color_cmp_lt0000_cy<0> (Mcompar_color_cmp_lt0000_cy<0>)
     MUXCY:CI->O           1   0.052   0.000  Mcompar_color_cmp_lt0000_cy<1> (Mcompar_color_cmp_lt0000_cy<1>)
     MUXCY:CI->O           1   0.052   0.000  Mcompar_color_cmp_lt0000_cy<2> (Mcompar_color_cmp_lt0000_cy<2>)
     MUXCY:CI->O           1   0.052   0.000  Mcompar_color_cmp_lt0000_cy<3> (Mcompar_color_cmp_lt0000_cy<3>)
     MUXCY:CI->O           1   0.052   0.000  Mcompar_color_cmp_lt0000_cy<4> (Mcompar_color_cmp_lt0000_cy<4>)
     MUXCY:CI->O           1   0.052   0.000  Mcompar_color_cmp_lt0000_cy<5> (Mcompar_color_cmp_lt0000_cy<5>)
     MUXCY:CI->O           1   0.052   0.000  Mcompar_color_cmp_lt0000_cy<6> (Mcompar_color_cmp_lt0000_cy<6>)
     MUXCY:CI->O           1   0.052   0.000  Mcompar_color_cmp_lt0000_cy<7> (Mcompar_color_cmp_lt0000_cy<7>)
     MUXCY:CI->O           1   0.052   0.000  Mcompar_color_cmp_lt0000_cy<8> (Mcompar_color_cmp_lt0000_cy<8>)
     MUXCY:CI->O           5   0.399   0.568  Mcompar_color_cmp_lt0000_cy<9> (Mcompar_color_cmp_lt0000_cy<9>)
     LUT3_L:I2->LO         1   0.612   0.103  collision_not000111_SW0 (N38)
     LUT4:I3->O            1   0.612   0.357  collision_not00012 (collision_not0001)
     FDE:CE                    0.483          collision
    ----------------------------------------
    Total                      5.526ns (4.049ns logic, 1.477ns route)
                                       (73.3% logic, 26.7% route)

=========================================================================
Timing constraint: Default period analysis for Clock 'turn1'
  Clock period: 8.800ns (frequency: 113.637MHz)
  Total number of paths / destination ports: 2978 / 54
-------------------------------------------------------------------------
Delay:               8.800ns (Levels of Logic = 7)
  Source:            playerPosY_5 (FF)
  Destination:       playerPosX_0 (FF)
  Source Clock:      turn1 rising
  Destination Clock: turn1 rising

  Data Path: playerPosY_5 to playerPosX_0
                                Gate     Net
    Cell:in->out      fanout   Delay   Delay  Logical Name (Net Name)
    ----------------------------------------  ------------
     FDSE:C->Q             8   0.514   0.712  playerPosY_5 (playerPosY_5)
     LUT2_L:I1->LO         1   0.612   0.103  playerPosX_cmp_le0001228 (playerPosX_cmp_le0001228)
     LUT4:I3->O            1   0.612   0.426  playerPosX_cmp_le0001233 (playerPosX_cmp_le0001233)
     LUT2_D:I1->LO         1   0.612   0.103  playerPosX_cmp_le0001236 (N64)
     LUT4:I3->O           12   0.612   0.820  playerPosX_or00051 (playerPosX_or0005)
     LUT4_D:I3->LO         1   0.612   0.103  playerPosY_not000221 (N71)
     LUT4:I3->O            4   0.612   0.502  mapX_not00021 (mapX_not0002)
     LUT4:I3->O           10   0.612   0.750  playerPosX_not000259 (playerPosX_not0002)
     FDRE:CE                   0.483          playerPosX_0
    ----------------------------------------
    Total                      8.800ns (5.281ns logic, 3.519ns route)
                                       (60.0% logic, 40.0% route)

=========================================================================
Timing constraint: Default period analysis for Clock 'clk_50MHz'
  Clock period: 2.131ns (frequency: 469.274MHz)
  Total number of paths / destination ports: 1 / 1
-------------------------------------------------------------------------
Delay:               2.131ns (Levels of Logic = 1)
  Source:            vga/clk_div/clk_out (FF)
  Destination:       vga/clk_div/clk_out (FF)
  Source Clock:      clk_50MHz rising
  Destination Clock: clk_50MHz rising

  Data Path: vga/clk_div/clk_out to vga/clk_div/clk_out
                                Gate     Net
    Cell:in->out      fanout   Delay   Delay  Logical Name (Net Name)
    ----------------------------------------  ------------
     FD:C->Q               2   0.514   0.380  vga/clk_div/clk_out (vga/clk_div/clk_out1)
     INV:I->O              1   0.612   0.357  vga/clk_div/clk_out_LUT1_INV_0 (vga/clk_div/clk_out_LUT1)
     FD:D                      0.268          vga/clk_div/clk_out
    ----------------------------------------
    Total                      2.131ns (1.394ns logic, 0.737ns route)
                                       (65.4% logic, 34.6% route)

=========================================================================
Timing constraint: Default OFFSET IN BEFORE for Clock 'turn1'
  Total number of paths / destination ports: 211 / 63
-------------------------------------------------------------------------
Offset:              5.422ns (Levels of Logic = 12)
  Source:            BUTTON<1> (PAD)
  Destination:       playerPosY_8 (FF)
  Destination Clock: turn1 rising

  Data Path: BUTTON<1> to playerPosY_8
                                Gate     Net
    Cell:in->out      fanout   Delay   Delay  Logical Name (Net Name)
    ----------------------------------------  ------------
     IBUF:I->O            12   1.106   0.847  BUTTON_1_IBUF (BUTTON_1_IBUF)
     LUT3:I2->O            1   0.612   0.357  playerPosY_mux00022 (playerPosY_mux0002)
     MUXCY:CI->O           1   0.052   0.000  Maddsub_playerPosY_share0000_cy<0> (Maddsub_playerPosY_share0000_cy<0>)
     MUXCY:CI->O           1   0.052   0.000  Maddsub_playerPosY_share0000_cy<1> (Maddsub_playerPosY_share0000_cy<1>)
     MUXCY:CI->O           1   0.052   0.000  Maddsub_playerPosY_share0000_cy<2> (Maddsub_playerPosY_share0000_cy<2>)
     MUXCY:CI->O           1   0.052   0.000  Maddsub_playerPosY_share0000_cy<3> (Maddsub_playerPosY_share0000_cy<3>)
     MUXCY:CI->O           1   0.052   0.000  Maddsub_playerPosY_share0000_cy<4> (Maddsub_playerPosY_share0000_cy<4>)
     MUXCY:CI->O           1   0.052   0.000  Maddsub_playerPosY_share0000_cy<5> (Maddsub_playerPosY_share0000_cy<5>)
     MUXCY:CI->O           1   0.052   0.000  Maddsub_playerPosY_share0000_cy<6> (Maddsub_playerPosY_share0000_cy<6>)
     MUXCY:CI->O           0   0.052   0.000  Maddsub_playerPosY_share0000_cy<7> (Maddsub_playerPosY_share0000_cy<7>)
     XORCY:CI->O           1   0.699   0.509  Maddsub_playerPosY_share0000_xor<8> (playerPosY_share0000<8>)
     LUT4:I0->O            1   0.612   0.000  playerPosY_mux0000<8>1 (playerPosY_mux0000<8>)
     FDRE:D                    0.268          playerPosY_8
    ----------------------------------------
    Total                      5.422ns (3.709ns logic, 1.713ns route)
                                       (68.4% logic, 31.6% route)

=========================================================================
Timing constraint: Default OFFSET IN BEFORE for Clock 'vga/clk_div/clk_out1'
  Total number of paths / destination ports: 55 / 44
-------------------------------------------------------------------------
Offset:              5.012ns (Levels of Logic = 3)
  Source:            SWITCH<3> (PAD)
  Destination:       vga/HS (FF)
  Destination Clock: vga/clk_div/clk_out1 rising

  Data Path: SWITCH<3> to vga/HS
                                Gate     Net
    Cell:in->out      fanout   Delay   Delay  Logical Name (Net Name)
    ----------------------------------------  ------------
     IBUF:I->O            36   1.106   1.104  SWITCH_3_IBUF (SWITCH_3_IBUF)
     LUT3:I2->O            1   0.612   0.426  vga/HS_not0001_SW0 (N17)
     LUT4:I1->O            1   0.612   0.357  vga/HS_not0001 (vga/HS_not0001)
     FDR:R                     0.795          vga/HS
    ----------------------------------------
    Total                      5.012ns (3.125ns logic, 1.887ns route)
                                       (62.4% logic, 37.6% route)

=========================================================================
Timing constraint: Default OFFSET OUT AFTER for Clock 'vga/clk_div/clk_out1'
  Total number of paths / destination ports: 18 / 10
-------------------------------------------------------------------------
Offset:              5.445ns (Levels of Logic = 2)
  Source:            vga/Blank (FF)
  Destination:       GREEN<2> (PAD)
  Source Clock:      vga/clk_div/clk_out1 rising

  Data Path: vga/Blank to GREEN<2>
                                Gate     Net
    Cell:in->out      fanout   Delay   Delay  Logical Name (Net Name)
    ----------------------------------------  ------------
     FDR:C->Q              4   0.514   0.651  vga/Blank (vga/Blank)
     LUT2:I0->O            4   0.612   0.499  vga/RED<2>1 (GREEN_0_OBUF)
     OBUF:I->O                 3.169          GREEN_0_OBUF (GREEN<0>)
    ----------------------------------------
    Total                      5.445ns (4.295ns logic, 1.150ns route)
                                       (78.9% logic, 21.1% route)

=========================================================================


Total REAL time to Xst completion: 7.00 secs
Total CPU time to Xst completion: 6.76 secs
 
--> 

Total memory usage is 266748 kilobytes

Number of errors   :    0 (   0 filtered)
Number of warnings :    2 (   0 filtered)
Number of infos    :   10 (   0 filtered)

